abind/
ape/
arsenal/
askpass/
backports/
base/
base64enc/
bdsmatrix/
BH/
Biobase/
BiocGenerics/
BiocIO/
BiocManager/
BiocParallel/
BiocVersion/
Biostrings/
bit/
bit64/
bitops/
bookdown/
boot/
BradleyTerry2/
brglm/
broom/
bslib/
cachem/
calibrate/
car/
carData/
checkmate/
circlize/
class/
cli/
clipr/
cluster/
coda/
codetools/
colorspace/
combinat/
commonmark/
compiler/
CompQuadForm/
corpcor/
cowplot/
coxme/
cpp11/
crayon/
crosstalk/
cubature/
curl/
datasets/
data.table/
DelayedArray/
Deriv/
DiagrammeR/
digest/
doBy/
DOT/
dplyr/
evaluate/
fansi/
farver/
fastmap/
fontawesome/
foreign/
formatR/
Formula/
fs/
futile.logger/
futile.options/
gap.datasets/
gdata/
generics/
genetics/
GenomeInfoDb/
GenomeInfoDbData/
GenomicAlignments/
GenomicRanges/
ggplot2/
GlobalOptions/
glue/
graphics/
grDevices/
grid/
gridExtra/
gtable/
gtools/
HaploSim/
haplo.stats/
highr/
Hmisc/
hms/
htmlTable/
htmltools/
htmlwidgets/
httpuv/
httr/
igraph/
IRanges/
isoband/
jquerylib/
jsonlite/
KernSmooth/
kinship2/
knitr/
labeling/
lambda.r/
later/
lattice/
lazyeval/
lifecycle/
lme4/
magic/
magrittr/
manhattanly/
MASS/
mathjaxr/
Matrix/
MatrixGenerics/
MatrixModels/
matrixStats/
MCMCglmm/
memoise/
meta/
metadat/
metafor/
methods/
mgcv/
microbenchmark/
mime/
minqa/
modelr/
multcomp/
munsell/
mvtnorm/
nlme/
nloptr/
nnet/
numDeriv/
openssl/
parallel/
pbapply/
pbkrtest/
pedigree/
pedigreemm/
pillar/
pkgconfig/
plotly/
plotrix/
plyr/
polspline/
prettyunits/
profileModel/
progress/
promises/
purrr/
quadprog/
quantreg/
qvcalc/
R2jags/
R2WinBUGS/
R6/
rappdirs/
rbibutils/
RColorBrewer/
Rcpp/
RcppEigen/
RCurl/
Rdpack/
readr/
reshape/
restfulr/
Rhtslib/
rjags/
rjson/
rlang/
rmarkdown/
rms/
rpart/
Rsamtools/
rstudioapi/
rtracklayer/
S4Arrays/
S4Vectors/
sandwich/
sass/
scales/
shape/
shiny/
snow/
sourcetools/
SparseArray/
SparseM/
spatial/
splines/
stats/
stats4/
stringi/
stringr/
SummarizedExperiment/
survival/
sys/
tcltk/
tensorA/
TH.data/
tibble/
tidyr/
tidyselect/
tinytex/
tools/
translations/
tzdb/
UCSC.utils/
utf8/
utils/
V8/
valr/
vctrs/
viridis/
viridisLite/
visNetwork/
vroom/
withr/
xfun/
XML/
xml2/
xtable/
XVector/
yaml/
zlibbioc/
zoo/
